[ewg-hh.de/iserv/css/static/icons/apple-touch-icon-57x57.3dd45525.png]
[ewg-hh.de/iserv/css/static/icons/apple-touch-icon-60x60.ae84814e.png]
[ewg-hh.de/iserv/css/static/icons/apple-touch-icon-72x72.e14c17b3.png]
[ewg-hh.de/iserv/css/static/icons/apple-touch-icon-76x76.d1cdaf18.png]
[ewg-hh.de/iserv/css/static/icons/apple-touch-icon-114x114.750b324f.png]
[ewg-hh.de/iserv/css/static/icons/apple-touch-icon-120x120.20854246.png]
[ewg-hh.de/iserv/css/static/icons/apple-touch-icon-144x144.31179e61.png]
[ewg-hh.de/iserv/css/static/icons/apple-touch-icon-152x152.09a10c7e.png]
[ewg-hh.de/iserv/css/static/icons/apple-touch-icon-180x180.6d537ec5.png]
[ewg-hh.de/iserv/css/static/icons/favicon-16x16.aa85ef3f.png]
[ewg-hh.de/iserv/css/static/icons/favicon-32x32.be4d3a0c.png]
[ewg-hh.de/iserv/css/static/icons/favicon-96x96.fdbc37a8.png]
[ewg-hh.de/iserv/css/static/icons/android-chrome-192x192.fc2f37a3.png]
[ewg-hh.de/iserv/css/static/icons/mstile-144x144.31179e61.png]
[backblue.gif]
[fade.gif]
[index.html]
[ewg-hh.de/iserv/css/static/css/iserv.c8e0819d.css]
[ewg-hh.de/iserv/logo/logo.gif]
[ewg-hh.de/iserv/css/static/img/logo_white.ae6b12dc.png]
[ewg-hh.de/iserv/css/static/img/logo.c377acd3.png]
[ewg-hh.de/iserv/auth/static/js/login.js]
[ewg-hh.de/iserv/auth/logind41d.html]
[ewg-hh.de/iserv/css/static/css/iserv.c8e0819d.css]
[ewg-hh.de/iserv/auth/static/css/auth0e7e.css]
[ewg-hh.de/iserv/auth/public/password_reset.html]
[ewg-hh.de/iserv/css/static/css/50605cec95bde8644faf.html]
[ewg-hh.de/iserv/css/static/css/4fd91bcd2128ddfc45a1.html]
[ewg-hh.de/iserv/auth/login.html]
